com\filevault\exception\FileVaultExceptions.class
com\filevault\config\FileVaultProperties$Encryption.class
com\filevault\config\FileVaultProperties$Security.class
com\filevault\service\StorageService$StoredChunk.class
com\filevault\exception\FileVaultExceptions$FileNotFoundException.class
com\filevault\model\ChunkId.class
com\filevault\repository\ChunkRepository.class
com\filevault\util\HashUtil.class
com\filevault\exception\GlobalExceptionHandler.class
com\filevault\service\CompressionService.class
META-INF\spring-configuration-metadata.json
com\filevault\exception\FileVaultExceptions$InvalidRequestException.class
com\filevault\service\FileService.class
com\filevault\exception\FileVaultExceptions$IntegrityException.class
com\filevault\exception\FileVaultExceptions$StorageException.class
com\filevault\FileVaultApplication.class
com\filevault\service\CompressionService$LevelledGzipOutputStream.class
com\filevault\dto\FileMetadataResponse.class
com\filevault\service\EncryptionService.class
com\filevault\model\FileRecord.class
com\filevault\repository\FileRepository.class
com\filevault\config\FileVaultProperties.class
com\filevault\web\RequestIdFilter.class
com\filevault\config\FileVaultProperties$Chunk.class
com\filevault\service\ChunkingService$ChunkWriter.class
com\filevault\service\ChunkingService$ChunkDescriptor.class
com\filevault\model\Chunk.class
com\filevault\service\FileService$VaultStats.class
com\filevault\controller\FileController.class
com\filevault\service\ChunkingService.class
com\filevault\service\FileService$1.class
com\filevault\config\FileVaultProperties$Storage.class
com\filevault\service\StorageService.class
