C:\Users\dell\Desktop\project\files\backend\src\main\java\com\filevault\config\FileVaultProperties.java
C:\Users\dell\Desktop\project\files\backend\src\main\java\com\filevault\controller\FileController.java
C:\Users\dell\Desktop\project\files\backend\src\main\java\com\filevault\dto\FileMetadataResponse.java
C:\Users\dell\Desktop\project\files\backend\src\main\java\com\filevault\exception\FileVaultExceptions.java
C:\Users\dell\Desktop\project\files\backend\src\main\java\com\filevault\exception\GlobalExceptionHandler.java
C:\Users\dell\Desktop\project\files\backend\src\main\java\com\filevault\FileVaultApplication.java
C:\Users\dell\Desktop\project\files\backend\src\main\java\com\filevault\model\Chunk.java
C:\Users\dell\Desktop\project\files\backend\src\main\java\com\filevault\model\ChunkId.java
C:\Users\dell\Desktop\project\files\backend\src\main\java\com\filevault\model\FileRecord.java
C:\Users\dell\Desktop\project\files\backend\src\main\java\com\filevault\repository\ChunkRepository.java
C:\Users\dell\Desktop\project\files\backend\src\main\java\com\filevault\repository\FileRepository.java
C:\Users\dell\Desktop\project\files\backend\src\main\java\com\filevault\service\ChunkingService.java
C:\Users\dell\Desktop\project\files\backend\src\main\java\com\filevault\service\CompressionService.java
C:\Users\dell\Desktop\project\files\backend\src\main\java\com\filevault\service\EncryptionService.java
C:\Users\dell\Desktop\project\files\backend\src\main\java\com\filevault\service\FileService.java
C:\Users\dell\Desktop\project\files\backend\src\main\java\com\filevault\service\StorageService.java
C:\Users\dell\Desktop\project\files\backend\src\main\java\com\filevault\util\HashUtil.java
C:\Users\dell\Desktop\project\files\backend\src\main\java\com\filevault\web\RequestIdFilter.java
